Archive member included to satisfy reference by file (symbol)

E:/devkitPro/libgba/lib\libgba.a(CpuSet.o)
                              main.o (CpuFastSet)
E:/devkitPro/libgba/lib\libgba.a(interrupt.o)
                              main.o (irqInit)
E:/devkitPro/libgba/lib\libgba.a(InterruptDispatcher.o)
                              E:/devkitPro/libgba/lib\libgba.a(interrupt.o) (IntrMain)
E:/devkitPro/devkitARM/bin/../lib/gcc/arm-none-eabi/15.1.0/thumb\libgcc.a(_sync_none.o)
                              (__sync_synchronize_none)
E:/devkitPro/devkitARM/bin/../lib/gcc/arm-none-eabi/15.1.0/../../../../arm-none-eabi/lib/thumb\libg.a(libc_a-init.o)
                              E:/devkitPro/devkitARM/bin/../lib/gcc/arm-none-eabi/15.1.0/../../../../arm-none-eabi/lib/thumb/gba_crt0.o (__libc_init_array)
E:/devkitPro/devkitARM/bin/../lib/gcc/arm-none-eabi/15.1.0/../../../../arm-none-eabi/lib/thumb\libsysbase.a(libsysbase_libsysbase_a-malloc_vars.o)
                              E:/devkitPro/devkitARM/bin/../lib/gcc/arm-none-eabi/15.1.0/../../../../arm-none-eabi/lib/thumb/gba_crt0.o (fake_heap_end)

Discarded input sections

 .text          0x00000000        0x0 E:/devkitPro/devkitARM/bin/../lib/gcc/arm-none-eabi/15.1.0/../../../../arm-none-eabi/lib/thumb/gba_crt0.o
 .data          0x00000000        0x0 E:/devkitPro/devkitARM/bin/../lib/gcc/arm-none-eabi/15.1.0/../../../../arm-none-eabi/lib/thumb/gba_crt0.o
 .bss           0x00000000        0x0 E:/devkitPro/devkitARM/bin/../lib/gcc/arm-none-eabi/15.1.0/../../../../arm-none-eabi/lib/thumb/gba_crt0.o
 .text          0x00000000        0x0 E:/devkitPro/devkitARM/bin/../lib/gcc/arm-none-eabi/15.1.0/thumb/crti.o
 .data          0x00000000        0x0 E:/devkitPro/devkitARM/bin/../lib/gcc/arm-none-eabi/15.1.0/thumb/crti.o
 .bss           0x00000000        0x0 E:/devkitPro/devkitARM/bin/../lib/gcc/arm-none-eabi/15.1.0/thumb/crti.o
 .text          0x00000000        0x0 E:/devkitPro/devkitARM/bin/../lib/gcc/arm-none-eabi/15.1.0/thumb/crtbegin.o
 .data          0x00000000        0x0 E:/devkitPro/devkitARM/bin/../lib/gcc/arm-none-eabi/15.1.0/thumb/crtbegin.o
 .bss           0x00000000        0x0 E:/devkitPro/devkitARM/bin/../lib/gcc/arm-none-eabi/15.1.0/thumb/crtbegin.o
 .rodata.all_implied_fbits
                0x00000000       0x24 E:/devkitPro/devkitARM/bin/../lib/gcc/arm-none-eabi/15.1.0/thumb/crtbegin.o
 .data.__dso_handle
                0x00000000        0x4 E:/devkitPro/devkitARM/bin/../lib/gcc/arm-none-eabi/15.1.0/thumb/crtbegin.o
 .text          0x00000000        0x0 LegendOfLinkBG.o
 .bss           0x00000000        0x0 LegendOfLinkBG.o
 .text          0x00000000        0x0 LegendOfLinkFG.o
 .bss           0x00000000        0x0 LegendOfLinkFG.o
 .text          0x00000000        0x0 gbaBGTiles_tile_pal.o
 .data          0x00000000        0x0 gbaBGTiles_tile_pal.o
 .bss           0x00000000        0x0 gbaBGTiles_tile_pal.o
 .text          0x00000000        0x0 gbaSpriteSheet_tile_pal.o
 .data          0x00000000        0x0 gbaSpriteSheet_tile_pal.o
 .bss           0x00000000        0x0 gbaSpriteSheet_tile_pal.o
 .rodata        0x00000000     0x4200 gbaSpriteSheet_tile_pal.o
 .debug_info    0x00000000      0x13d gbaSpriteSheet_tile_pal.o
 .debug_abbrev  0x00000000       0xa9 gbaSpriteSheet_tile_pal.o
 .debug_aranges
                0x00000000       0x18 gbaSpriteSheet_tile_pal.o
 .debug_line    0x00000000      0x132 gbaSpriteSheet_tile_pal.o
 .debug_str     0x00000000      0x19a gbaSpriteSheet_tile_pal.o
 .comment       0x00000000       0x24 gbaSpriteSheet_tile_pal.o
 .text          0x00000000        0x0 main.o
 .data          0x00000000        0x0 main.o
 .bss           0x00000000        0x0 main.o
 .rodata        0x00000000        0x8 main.o
 .data          0x00000000        0x0 E:/devkitPro/libgba/lib\libgba.a(CpuSet.o)
 .bss           0x00000000        0x0 E:/devkitPro/libgba/lib\libgba.a(CpuSet.o)
 .data          0x00000000        0x0 E:/devkitPro/libgba/lib\libgba.a(interrupt.o)
 .text          0x00000000        0x0 E:/devkitPro/libgba/lib\libgba.a(InterruptDispatcher.o)
 .data          0x00000000        0x0 E:/devkitPro/libgba/lib\libgba.a(InterruptDispatcher.o)
 .bss           0x00000000        0x0 E:/devkitPro/libgba/lib\libgba.a(InterruptDispatcher.o)
 .text          0x00000000        0x4 E:/devkitPro/devkitARM/bin/../lib/gcc/arm-none-eabi/15.1.0/thumb\libgcc.a(_sync_none.o)
 .data          0x00000000        0x0 E:/devkitPro/devkitARM/bin/../lib/gcc/arm-none-eabi/15.1.0/thumb\libgcc.a(_sync_none.o)
 .bss           0x00000000        0x0 E:/devkitPro/devkitARM/bin/../lib/gcc/arm-none-eabi/15.1.0/thumb\libgcc.a(_sync_none.o)
 .text          0x00000000        0x0 E:/devkitPro/devkitARM/bin/../lib/gcc/arm-none-eabi/15.1.0/../../../../arm-none-eabi/lib/thumb\libg.a(libc_a-init.o)
 .data          0x00000000        0x0 E:/devkitPro/devkitARM/bin/../lib/gcc/arm-none-eabi/15.1.0/../../../../arm-none-eabi/lib/thumb\libg.a(libc_a-init.o)
 .bss           0x00000000        0x0 E:/devkitPro/devkitARM/bin/../lib/gcc/arm-none-eabi/15.1.0/../../../../arm-none-eabi/lib/thumb\libg.a(libc_a-init.o)
 .text          0x00000000        0x0 E:/devkitPro/devkitARM/bin/../lib/gcc/arm-none-eabi/15.1.0/../../../../arm-none-eabi/lib/thumb\libsysbase.a(libsysbase_libsysbase_a-malloc_vars.o)
 .data          0x00000000        0x0 E:/devkitPro/devkitARM/bin/../lib/gcc/arm-none-eabi/15.1.0/../../../../arm-none-eabi/lib/thumb\libsysbase.a(libsysbase_libsysbase_a-malloc_vars.o)
 .bss           0x00000000        0x0 E:/devkitPro/devkitARM/bin/../lib/gcc/arm-none-eabi/15.1.0/../../../../arm-none-eabi/lib/thumb\libsysbase.a(libsysbase_libsysbase_a-malloc_vars.o)
 .bss.fake_heap_start
                0x00000000        0x4 E:/devkitPro/devkitARM/bin/../lib/gcc/arm-none-eabi/15.1.0/../../../../arm-none-eabi/lib/thumb\libsysbase.a(libsysbase_libsysbase_a-malloc_vars.o)
 .text          0x00000000        0x0 E:/devkitPro/devkitARM/bin/../lib/gcc/arm-none-eabi/15.1.0/thumb/crtend.o
 .data          0x00000000        0x0 E:/devkitPro/devkitARM/bin/../lib/gcc/arm-none-eabi/15.1.0/thumb/crtend.o
 .bss           0x00000000        0x0 E:/devkitPro/devkitARM/bin/../lib/gcc/arm-none-eabi/15.1.0/thumb/crtend.o
 .rodata.all_implied_fbits
                0x00000000       0x24 E:/devkitPro/devkitARM/bin/../lib/gcc/arm-none-eabi/15.1.0/thumb/crtend.o
 .text          0x00000000        0x0 E:/devkitPro/devkitARM/bin/../lib/gcc/arm-none-eabi/15.1.0/thumb/crtn.o
 .data          0x00000000        0x0 E:/devkitPro/devkitARM/bin/../lib/gcc/arm-none-eabi/15.1.0/thumb/crtn.o
 .bss           0x00000000        0x0 E:/devkitPro/devkitARM/bin/../lib/gcc/arm-none-eabi/15.1.0/thumb/crtn.o

Memory Configuration

Name             Origin             Length             Attributes
rom              0x08000000         0x02000000
iwram            0x03000000         0x00008000
ewram            0x02000000         0x00040000
*default*        0x00000000         0xffffffff

Linker script and memory map

                0x00000000                        __sync_synchronize = __sync_synchronize_none
                0x08000000                        __text_start = ORIGIN (rom)
                0x02040000                        __eheap_end = (ORIGIN (ewram) + LENGTH (ewram))
                0x03000000                        __iwram_start = ORIGIN (iwram)
                0x03008000                        __iwram_top = (ORIGIN (iwram) + LENGTH (iwram))
                0x03007fa0                        __sp_irq = (__iwram_top - 0x60)
                0x03007f00                        __sp_usr = (__sp_irq - 0xa0)
                0x03007ff8                        __irq_flags = 0x3007ff8
                0x08000000                        . = __text_start

.crt0           0x08000000      0x210
 *(.crt0)
 .crt0          0x08000000      0x210 E:/devkitPro/devkitARM/bin/../lib/gcc/arm-none-eabi/15.1.0/../../../../arm-none-eabi/lib/thumb/gba_crt0.o
                0x08000000                _start
                0x080000c4                __boot_method
                0x080000c5                __slave_number
                0x080000e0                start_vector
                0x08000210                        . = ALIGN (0x4)

.init           0x08000210        0xc
 *(SORT_NONE(.init))
 .init          0x08000210        0x4 E:/devkitPro/devkitARM/bin/../lib/gcc/arm-none-eabi/15.1.0/thumb/crti.o
                0x08000210                _init
 .init          0x08000214        0x8 E:/devkitPro/devkitARM/bin/../lib/gcc/arm-none-eabi/15.1.0/thumb/crtn.o

.plt            0x0800021c        0x0
 *(.plt)
                0x0800021c                        . = ALIGN (0x4)

.text           0x0800021c      0x518
 *(EXCLUDE_FILE(*.iwram*) .text*)
 .text.__do_global_dtors_aux
                0x0800021c       0x2c E:/devkitPro/devkitARM/bin/../lib/gcc/arm-none-eabi/15.1.0/thumb/crtbegin.o
 .text.frame_dummy
                0x08000248       0x24 E:/devkitPro/devkitARM/bin/../lib/gcc/arm-none-eabi/15.1.0/thumb/crtbegin.o
 .text.startup  0x0800026c       0xa8 main.o
                0x0800026c                main
 .text          0x08000314        0x8 E:/devkitPro/libgba/lib\libgba.a(CpuSet.o)
                0x08000314                CpuSet
                0x08000318                CpuFastSet
 .text          0x0800031c      0x3c4 E:/devkitPro/libgba/lib\libgba.a(interrupt.o)
                0x0800031c                dummy
                0x08000320                InitInterrupt
                0x0800037c                irqInit
                0x080003d8                SetInterrupt
                0x080004c0                irqSet
                0x080005a8                EnableInterrupt
                0x080005f4                irqEnable
                0x08000648                DisableInterrupt
                0x08000694                irqDisable
 .text.__libc_init_array
                0x080006e0       0x54 E:/devkitPro/devkitARM/bin/../lib/gcc/arm-none-eabi/15.1.0/../../../../arm-none-eabi/lib/thumb\libg.a(libc_a-init.o)
                0x080006e0                __libc_init_array
 *(.gnu.linkonce.t.*)
 *(.text.*personality*)
 *(.gnu.warning)
 *(.glue_7t)
 .glue_7t       0x08000734        0x0 linker stubs
 *(.glue_7)
 .glue_7        0x08000734        0x0 linker stubs
 *(.vfp11_veneer)
 .vfp11_veneer  0x08000734        0x0 linker stubs
                0x08000734                        . = ALIGN (0x4)
                0x08000734                        __text_end = .

.v4_bx          0x08000734        0x0
 .v4_bx         0x08000734        0x0 linker stubs

.iplt           0x08000734        0x0
 .iplt          0x08000734        0x0 E:/devkitPro/devkitARM/bin/../lib/gcc/arm-none-eabi/15.1.0/../../../../arm-none-eabi/lib/thumb/gba_crt0.o

.fini           0x08000734        0xc
 *(.fini)
 .fini          0x08000734        0x4 E:/devkitPro/devkitARM/bin/../lib/gcc/arm-none-eabi/15.1.0/thumb/crti.o
                0x08000734                _fini
 .fini          0x08000738        0x8 E:/devkitPro/devkitARM/bin/../lib/gcc/arm-none-eabi/15.1.0/thumb/crtn.o
                0x08000740                        . = ALIGN (0x4)

.rodata         0x08000740     0x5200
 *(.rodata)
 .rodata        0x08000740      0x800 LegendOfLinkBG.o
                0x08000740                LegendOfLinkBG_tilemap
 .rodata        0x08000f40      0x800 LegendOfLinkFG.o
                0x08000f40                LegendOfLinkFG_tilemap
 .rodata        0x08001740     0x4200 gbaBGTiles_tile_pal.o
                0x08001740                gbaBGTiles_tiles
                0x08005740                gbaBGTiles_pal
 *all.rodata*(*)
 *(.roda)
 *(.rodata.*)
 *(.gnu.linkonce.r*)
                0x08005940                        . = ALIGN (0x4)

.ARM.extab
 *(.ARM.extab* .gnu.linkonce.armextab.*)
                0x08005940                        __exidx_start = .

.ARM.exidx
 *(.ARM.exidx* .gnu.linkonce.armexidx.*)
                0x08005940                        __exidx_end = .

.ctors          0x08005940        0x0
 *crtbegin.o(.ctors)
 *(EXCLUDE_FILE(*crtend.o) .ctors)
 *(SORT_BY_NAME(.ctors.*))
 *(.ctors)
                0x08005940                        . = ALIGN (0x4)

.dtors          0x08005940        0x0
 *crtbegin.o(.dtors)
 *(EXCLUDE_FILE(*crtend.o) .dtors)
 *(SORT_BY_NAME(.dtors.*))
 *(.dtors)
                0x08005940                        . = ALIGN (0x4)

.eh_frame       0x08005940        0x4
 *(.eh_frame)
 .eh_frame      0x08005940        0x0 E:/devkitPro/devkitARM/bin/../lib/gcc/arm-none-eabi/15.1.0/thumb/crtbegin.o
 .eh_frame      0x08005940        0x4 E:/devkitPro/devkitARM/bin/../lib/gcc/arm-none-eabi/15.1.0/thumb/crtend.o
                0x08005944                        . = ALIGN (0x4)

.gcc_except_table
                0x08005944        0x0
 *(.gcc_except_table)
                0x08005944                        . = ALIGN (0x4)
                0x08005944                        __iwram_lma = .

.iwram          0x03000000       0xb8 load address 0x08005944
                0x03000000                        __iwram_start__ = ABSOLUTE (.)
 *(.iwram .iwram*)
 .iwram         0x03000000       0xb8 E:/devkitPro/libgba/lib\libgba.a(InterruptDispatcher.o)
                0x03000000                IntrMain
 *iwram.*(.text* .data*)
                0x030000b8                        . = ALIGN (0x4)
                0x030000b8                        __iwram_end__ = ABSOLUTE (.)
                0x080059fc                        __data_lma = (__iwram_lma + SIZEOF (.iwram))

.bss            0x030000b8       0x98
                0x030000b8                        __bss_start = ABSOLUTE (.)
                0x030000b8                        __bss_start__ = ABSOLUTE (.)
 *(.dynbss)
 *(.gnu.linkonce.b*)
 *(.bss*)
 .bss.completed.1
                0x030000b8        0x1 E:/devkitPro/devkitARM/bin/../lib/gcc/arm-none-eabi/15.1.0/thumb/crtbegin.o
 *fill*         0x030000b9        0x3 
 .bss.object.0  0x030000bc       0x18 E:/devkitPro/devkitARM/bin/../lib/gcc/arm-none-eabi/15.1.0/thumb/crtbegin.o
 .bss           0x030000d4       0x78 E:/devkitPro/libgba/lib\libgba.a(interrupt.o)
                0x030000d4                IntrTable
 .bss.fake_heap_end
                0x0300014c        0x4 E:/devkitPro/devkitARM/bin/../lib/gcc/arm-none-eabi/15.1.0/../../../../arm-none-eabi/lib/thumb\libsysbase.a(libsysbase_libsysbase_a-malloc_vars.o)
                0x0300014c                fake_heap_end
 *(COMMON)
                0x03000150                        . = ALIGN (0x4)
                0x03000150                        __bss_end__ = ABSOLUTE (.)

.data           0x03000150        0x8 load address 0x080059fc
                0x03000150                        __data_start__ = ABSOLUTE (.)
 *(.data*)
 .data          0x03000150        0x4 LegendOfLinkBG.o
                0x03000150                LegendOfLinkBG_len
 .data          0x03000154        0x4 LegendOfLinkFG.o
                0x03000154                LegendOfLinkFG_len
 *(.gnu.linkonce.d*)
                0x03000158                        . = ALIGN (0x4)
                0x08005a04                        __preinit_lma = (__data_lma + SIZEOF (.data))

.igot.plt       0x03000158        0x0 load address 0x08005a04
 .igot.plt      0x03000158        0x0 E:/devkitPro/devkitARM/bin/../lib/gcc/arm-none-eabi/15.1.0/../../../../arm-none-eabi/lib/thumb/gba_crt0.o

.preinit_array  0x03000158        0x0 load address 0x08005a04
                0x03000158                        __preinit_array_start = ABSOLUTE (.)
 *(.preinit_array)
                0x03000158                        __preinit_array_end = ABSOLUTE (.)
                0x08005a04                        __init_lma = (__preinit_lma + SIZEOF (.preinit_array))

.init_array     0x03000158        0x4 load address 0x08005a04
                0x03000158                        __init_array_start = ABSOLUTE (.)
 *(SORT_BY_NAME(.init_array.*))
 *(.init_array)
 .init_array    0x03000158        0x4 E:/devkitPro/devkitARM/bin/../lib/gcc/arm-none-eabi/15.1.0/thumb/crtbegin.o
                0x0300015c                        __init_array_end = ABSOLUTE (.)
                0x08005a08                        __fini_lma = (__init_lma + SIZEOF (.init_array))

.fini_array     0x0300015c        0x4 load address 0x08005a08
                0x0300015c                        __fini_array_start = ABSOLUTE (.)
 *(SORT_BY_NAME(.fini_array.*))
 *(.fini_array)
 .fini_array    0x0300015c        0x4 E:/devkitPro/devkitARM/bin/../lib/gcc/arm-none-eabi/15.1.0/thumb/crtbegin.o
                0x03000160                        __fini_array_end = ABSOLUTE (.)
                0x08005a0c                        __jcr_lma = (__fini_lma + SIZEOF (.fini_array))

.jcr
 *(.jcr)
                0x03000160                        __data_end__ = ABSOLUTE (.)
                0x08005a0c                        __iwram_overlay_lma = (__jcr_lma + SIZEOF (.jcr))
                0x03000160                        __iwram_overlay_start = .

.iwram0         0x03000160        0x0 load address 0x08005a0c
 *(.iwram0)
                0x03000160                        . = ALIGN (0x4)
                0x08005a0c                        PROVIDE (__load_start_iwram0 = LOADADDR (.iwram0))
                0x08005a0c                        PROVIDE (__load_stop_iwram0 = (LOADADDR (.iwram0) + SIZEOF (.iwram0)))

.iwram1         0x03000160        0x0
 *(.iwram1)
                0x03000160                        . = ALIGN (0x4)
                [!provide]                        PROVIDE (__load_start_iwram1 = LOADADDR (.iwram1))
                [!provide]                        PROVIDE (__load_stop_iwram1 = (LOADADDR (.iwram1) + SIZEOF (.iwram1)))

.iwram2         0x03000160        0x0
 *(.iwram2)
                0x03000160                        . = ALIGN (0x4)
                [!provide]                        PROVIDE (__load_start_iwram2 = LOADADDR (.iwram2))
                [!provide]                        PROVIDE (__load_stop_iwram2 = (LOADADDR (.iwram2) + SIZEOF (.iwram2)))

.iwram3         0x03000160        0x0
 *(.iwram3)
                0x03000160                        . = ALIGN (0x4)
                [!provide]                        PROVIDE (__load_start_iwram3 = LOADADDR (.iwram3))
                [!provide]                        PROVIDE (__load_stop_iwram3 = (LOADADDR (.iwram3) + SIZEOF (.iwram3)))

.iwram4         0x03000160        0x0
 *(.iwram4)
                0x03000160                        . = ALIGN (0x4)
                [!provide]                        PROVIDE (__load_start_iwram4 = LOADADDR (.iwram4))
                [!provide]                        PROVIDE (__load_stop_iwram4 = (LOADADDR (.iwram4) + SIZEOF (.iwram4)))

.iwram5         0x03000160        0x0
 *(.iwram5)
                0x03000160                        . = ALIGN (0x4)
                [!provide]                        PROVIDE (__load_start_iwram5 = LOADADDR (.iwram5))
                [!provide]                        PROVIDE (__load_stop_iwram5 = (LOADADDR (.iwram5) + SIZEOF (.iwram5)))

.iwram6         0x03000160        0x0
 *(.iwram6)
                0x03000160                        . = ALIGN (0x4)
                [!provide]                        PROVIDE (__load_start_iwram6 = LOADADDR (.iwram6))
                [!provide]                        PROVIDE (__load_stop_iwram6 = (LOADADDR (.iwram6) + SIZEOF (.iwram6)))

.iwram7         0x03000160        0x0
 *(.iwram7)
                0x03000160                        . = ALIGN (0x4)
                [!provide]                        PROVIDE (__load_start_iwram7 = LOADADDR (.iwram7))
                [!provide]                        PROVIDE (__load_stop_iwram7 = (LOADADDR (.iwram7) + SIZEOF (.iwram7)))

.iwram8         0x03000160        0x0
 *(.iwram8)
                0x03000160                        . = ALIGN (0x4)
                [!provide]                        PROVIDE (__load_start_iwram8 = LOADADDR (.iwram8))
                [!provide]                        PROVIDE (__load_stop_iwram8 = (LOADADDR (.iwram8) + SIZEOF (.iwram8)))

.iwram9         0x03000160        0x0
 *(.iwram9)
                0x03000160                        . = ALIGN (0x4)
                [!provide]                        PROVIDE (__load_start_iwram9 = LOADADDR (.iwram9))
                [!provide]                        PROVIDE (__load_stop_iwram9 = (LOADADDR (.iwram9) + SIZEOF (.iwram9)))
                0x03000160                        __iwram_overlay_end = .
                0x08005a0c                        __ewram_lma = (__iwram_overlay_lma + (__iwram_overlay_end - __iwram_overlay_start))
                0x03000160                        __iheap_start = .
                0x02000000                        __ewram_start = ORIGIN (ewram)

.ewram          0x02000000        0x0 load address 0x08005a0c
 *(.ewram*)
                0x02000000                        . = ALIGN (0x4)
                0x02000000                        __ewram_end = ABSOLUTE (.)
                0x08005a0c                        __pad_lma = (__ewram_lma + SIZEOF (.ewram))

.sbss           0x02000000        0x0
                0x02000000                        __sbss_start__ = ABSOLUTE (.)
 *(.sbss*)
                0x02000000                        . = ALIGN (0x4)
                0x02000000                        __sbss_end__ = ABSOLUTE (.)
                0x02000000                        __end__ = ABSOLUTE (.)
                0x02000000                        __eheap_start = ABSOLUTE (.)

.pad            0x02000000        0x8 load address 0x08005a0c
                0x02000000        0x4 LONG 0x52416b64
                0x02000004        0x4 LONG 0x4d
                0x02000008                        . = ALIGN (0x4)
                0x08005a14                        __rom_end__ = (__pad_lma + SIZEOF (.pad))

.rel.dyn        0x02000008        0x0 load address 0x08005a14
 .rel.iplt      0x02000008        0x0 E:/devkitPro/devkitARM/bin/../lib/gcc/arm-none-eabi/15.1.0/../../../../arm-none-eabi/lib/thumb/gba_crt0.o

.stab
 *(.stab)

.stabstr
 *(.stabstr)

.stab.excl
 *(.stab.excl)

.stab.exclstr
 *(.stab.exclstr)

.stab.index
 *(.stab.index)

.stab.indexstr
 *(.stab.indexstr)

.comment        0x00000000       0x46
 *(.comment)
 .comment       0x00000000       0x46 E:/devkitPro/devkitARM/bin/../lib/gcc/arm-none-eabi/15.1.0/thumb/crtbegin.o
                                 0x24 (size before relaxing)
 .comment       0x00000046       0x24 LegendOfLinkBG.o
 .comment       0x00000046       0x24 LegendOfLinkFG.o
 .comment       0x00000046       0x24 gbaBGTiles_tile_pal.o
 .comment       0x00000046       0x24 main.o
 .comment       0x00000046       0x24 E:/devkitPro/libgba/lib\libgba.a(CpuSet.o)
 .comment       0x00000046       0x24 E:/devkitPro/libgba/lib\libgba.a(interrupt.o)
 .comment       0x00000046       0x24 E:/devkitPro/devkitARM/bin/../lib/gcc/arm-none-eabi/15.1.0/../../../../arm-none-eabi/lib/thumb\libg.a(libc_a-init.o)
 .comment       0x00000046       0x24 E:/devkitPro/devkitARM/bin/../lib/gcc/arm-none-eabi/15.1.0/../../../../arm-none-eabi/lib/thumb\libsysbase.a(libsysbase_libsysbase_a-malloc_vars.o)
 .comment       0x00000046       0x24 E:/devkitPro/devkitARM/bin/../lib/gcc/arm-none-eabi/15.1.0/thumb/crtend.o

.debug
 *(.debug)

.line
 *(.line)

.debug_srcinfo
 *(.debug_srcinfo)

.debug_sfnames
 *(.debug_sfnames)

.debug_aranges  0x00000000       0xc8
 *(.debug_aranges)
 .debug_aranges
                0x00000000       0x18 LegendOfLinkBG.o
 .debug_aranges
                0x00000018       0x18 LegendOfLinkFG.o
 .debug_aranges
                0x00000030       0x18 gbaBGTiles_tile_pal.o
 .debug_aranges
                0x00000048       0x20 main.o
 .debug_aranges
                0x00000068       0x20 E:/devkitPro/libgba/lib\libgba.a(CpuSet.o)
 .debug_aranges
                0x00000088       0x20 E:/devkitPro/libgba/lib\libgba.a(interrupt.o)
 .debug_aranges
                0x000000a8       0x20 E:/devkitPro/libgba/lib\libgba.a(InterruptDispatcher.o)

.debug_pubnames
 *(.debug_pubnames)

.debug_info     0x00000000      0xd0d
 *(.debug_info)
 .debug_info    0x00000000       0x6f LegendOfLinkBG.o
 .debug_info    0x0000006f       0x6f LegendOfLinkFG.o
 .debug_info    0x000000de      0x13d gbaBGTiles_tile_pal.o
 .debug_info    0x0000021b      0x57f main.o
 .debug_info    0x0000079a      0x136 E:/devkitPro/libgba/lib\libgba.a(CpuSet.o)
 .debug_info    0x000008d0      0x418 E:/devkitPro/libgba/lib\libgba.a(interrupt.o)
 .debug_info    0x00000ce8       0x25 E:/devkitPro/libgba/lib\libgba.a(InterruptDispatcher.o)

.debug_abbrev   0x00000000      0x63d
 *(.debug_abbrev)
 .debug_abbrev  0x00000000       0x4e LegendOfLinkBG.o
 .debug_abbrev  0x0000004e       0x4e LegendOfLinkFG.o
 .debug_abbrev  0x0000009c       0xa9 gbaBGTiles_tile_pal.o
 .debug_abbrev  0x00000145      0x21f main.o
 .debug_abbrev  0x00000364       0xa6 E:/devkitPro/libgba/lib\libgba.a(CpuSet.o)
 .debug_abbrev  0x0000040a      0x21f E:/devkitPro/libgba/lib\libgba.a(interrupt.o)
 .debug_abbrev  0x00000629       0x14 E:/devkitPro/libgba/lib\libgba.a(InterruptDispatcher.o)

.debug_line     0x00000000      0xf7e
 *(.debug_line)
 .debug_line    0x00000000       0x5a LegendOfLinkBG.o
 .debug_line    0x0000005a       0x5a LegendOfLinkFG.o
 .debug_line    0x000000b4      0x12a gbaBGTiles_tile_pal.o
 .debug_line    0x000001de      0x25a main.o
 .debug_line    0x00000438      0x17e E:/devkitPro/libgba/lib\libgba.a(CpuSet.o)
 .debug_line    0x000005b6      0x950 E:/devkitPro/libgba/lib\libgba.a(interrupt.o)
 .debug_line    0x00000f06       0x78 E:/devkitPro/libgba/lib\libgba.a(InterruptDispatcher.o)

.debug_frame    0x00000000      0x10c
 *(.debug_frame)
 .debug_frame   0x00000000       0x2c main.o
 .debug_frame   0x0000002c       0x30 E:/devkitPro/libgba/lib\libgba.a(CpuSet.o)
 .debug_frame   0x0000005c       0xb0 E:/devkitPro/libgba/lib\libgba.a(interrupt.o)

.debug_str      0x00000000      0x7d2
 *(.debug_str)
 .debug_str     0x00000000      0x7d2 LegendOfLinkBG.o
                                0x104 (size before relaxing)
 .debug_str     0x000007d2      0x104 LegendOfLinkFG.o
 .debug_str     0x000007d2      0x18e gbaBGTiles_tile_pal.o
 .debug_str     0x000007d2      0x4d0 main.o
 .debug_str     0x000007d2      0x1a9 E:/devkitPro/libgba/lib\libgba.a(CpuSet.o)
 .debug_str     0x000007d2      0x334 E:/devkitPro/libgba/lib\libgba.a(interrupt.o)
 .debug_str     0x000007d2       0xba E:/devkitPro/libgba/lib\libgba.a(InterruptDispatcher.o)

.debug_loc
 *(.debug_loc)

.debug_macinfo
 *(.debug_macinfo)

.debug_weaknames
 *(.debug_weaknames)

.debug_funcnames
 *(.debug_funcnames)

.debug_typenames
 *(.debug_typenames)

.debug_varnames
 *(.debug_varnames)

.stack          0x00080000        0x0
                0x00080000                        _stack = .
 *(.stack)

.note.gnu.arm.ident
 *(.note.gnu.arm.ident)

.ARM.attributes
                0x00000000       0x2c
 *(.ARM.attributes)
 .ARM.attributes
                0x00000000       0x20 E:/devkitPro/devkitARM/bin/../lib/gcc/arm-none-eabi/15.1.0/../../../../arm-none-eabi/lib/thumb/gba_crt0.o
 .ARM.attributes
                0x00000020       0x1c E:/devkitPro/devkitARM/bin/../lib/gcc/arm-none-eabi/15.1.0/thumb/crti.o
 .ARM.attributes
                0x0000003c       0x2a E:/devkitPro/devkitARM/bin/../lib/gcc/arm-none-eabi/15.1.0/thumb/crtbegin.o
 .ARM.attributes
                0x00000066       0x2a LegendOfLinkBG.o
 .ARM.attributes
                0x00000090       0x2a LegendOfLinkFG.o
 .ARM.attributes
                0x000000ba       0x2a gbaBGTiles_tile_pal.o
 .ARM.attributes
                0x000000e4       0x2a gbaSpriteSheet_tile_pal.o
 .ARM.attributes
                0x0000010e       0x2a main.o
 .ARM.attributes
                0x00000138       0x2a E:/devkitPro/libgba/lib\libgba.a(CpuSet.o)
 .ARM.attributes
                0x00000162       0x2a E:/devkitPro/libgba/lib\libgba.a(interrupt.o)
 .ARM.attributes
                0x0000018c       0x1a E:/devkitPro/libgba/lib\libgba.a(InterruptDispatcher.o)
 .ARM.attributes
                0x000001a6       0x1c E:/devkitPro/devkitARM/bin/../lib/gcc/arm-none-eabi/15.1.0/thumb\libgcc.a(_sync_none.o)
 .ARM.attributes
                0x000001c2       0x2a E:/devkitPro/devkitARM/bin/../lib/gcc/arm-none-eabi/15.1.0/../../../../arm-none-eabi/lib/thumb\libg.a(libc_a-init.o)
 .ARM.attributes
                0x000001ec       0x2a E:/devkitPro/devkitARM/bin/../lib/gcc/arm-none-eabi/15.1.0/../../../../arm-none-eabi/lib/thumb\libsysbase.a(libsysbase_libsysbase_a-malloc_vars.o)
 .ARM.attributes
                0x00000216       0x2a E:/devkitPro/devkitARM/bin/../lib/gcc/arm-none-eabi/15.1.0/thumb/crtend.o
 .ARM.attributes
                0x00000240       0x1c E:/devkitPro/devkitARM/bin/../lib/gcc/arm-none-eabi/15.1.0/thumb/crtn.o

/DISCARD/
 *(.note.GNU-stack)
LOAD E:/devkitPro/devkitARM/bin/../lib/gcc/arm-none-eabi/15.1.0/../../../../arm-none-eabi/lib/thumb/gba_crt0.o
LOAD E:/devkitPro/devkitARM/bin/../lib/gcc/arm-none-eabi/15.1.0/thumb/crti.o
LOAD E:/devkitPro/devkitARM/bin/../lib/gcc/arm-none-eabi/15.1.0/thumb/crtbegin.o
LOAD LegendOfLinkBG.o
LOAD LegendOfLinkFG.o
LOAD gbaBGTiles_tile_pal.o
LOAD gbaSpriteSheet_tile_pal.o
LOAD main.o
LOAD E:/devkitPro/libgba/lib\libmm.a
LOAD E:/devkitPro/libgba/lib\libgba.a
START GROUP
LOAD E:/devkitPro/devkitARM/bin/../lib/gcc/arm-none-eabi/15.1.0/thumb\libgcc.a
LOAD E:/devkitPro/devkitARM/bin/../lib/gcc/arm-none-eabi/15.1.0/../../../../arm-none-eabi/lib/thumb\libg.a
LOAD E:/devkitPro/devkitARM/bin/../lib/gcc/arm-none-eabi/15.1.0/../../../../arm-none-eabi/lib/thumb\libc.a
LOAD E:/devkitPro/devkitARM/bin/../lib/gcc/arm-none-eabi/15.1.0/../../../../arm-none-eabi/lib/thumb\libsysbase.a
END GROUP
LOAD E:/devkitPro/devkitARM/bin/../lib/gcc/arm-none-eabi/15.1.0/thumb/crtend.o
LOAD E:/devkitPro/devkitARM/bin/../lib/gcc/arm-none-eabi/15.1.0/thumb/crtn.o
OUTPUT(E:/githubs/GBA/Legend-Of-Link-GBA/Legend-Of-Link-GBA.elf elf32-littlearm)
LOAD linker stubs

.debug_loclists
                0x00000000      0x3f2
 .debug_loclists
                0x00000000       0x44 main.o
 .debug_loclists
                0x00000044       0xba E:/devkitPro/libgba/lib\libgba.a(CpuSet.o)
 .debug_loclists
                0x000000fe      0x2f4 E:/devkitPro/libgba/lib\libgba.a(interrupt.o)

.debug_rnglists
                0x00000000       0x82
 .debug_rnglists
                0x00000000       0x2c main.o
 .debug_rnglists
                0x0000002c       0x13 E:/devkitPro/libgba/lib\libgba.a(CpuSet.o)
 .debug_rnglists
                0x0000003f       0x43 E:/devkitPro/libgba/lib\libgba.a(interrupt.o)

.debug_line_str
                0x00000000       0xae
 .debug_line_str
                0x00000000       0xae E:/devkitPro/libgba/lib\libgba.a(InterruptDispatcher.o)
